// Jest Snapshot v1, https://goo.gl/fbAQLP

exports[`SitesMenu renders the component 1`] = `
<div>
  <sitesmenufilters-stub filters=""></sitesmenufilters-stub>
  <sitesmenusearch-stub search=""></sitesmenusearch-stub>
  <sitesmenusort-stub sort="[object Object]"></sitesmenusort-stub>
</div>
`;
