// Jest Snapshot v1, https://goo.gl/fbAQLP

exports[`Sites renders the component 1`] = `
<div>
  <sitesmenu-stub></sitesmenu-stub>
  <!---->
</div>
`;
